../Core/Src/main.c:68:6:HAL_UART_RxCpltCallback	16	static
../Core/Src/main.c:101:6:delay	16	static
../Core/Src/main.c:109:6:gpio_set_input	8	static
../Core/Src/main.c:118:6:gpio_set_output	8	static
../Core/Src/main.c:132:9:ds18b20_init	8	static
../Core/Src/main.c:154:6:write	24	static
../Core/Src/main.c:187:9:read	16	static
../Core/Src/main.c:217:5:main	24	static
../Core/Src/main.c:296:6:SystemClock_Config	88	static
../Core/Src/main.c:343:13:MX_ADC1_Init	24	static
../Core/Src/main.c:395:13:MX_TIM1_Init	32	static
../Core/Src/main.c:441:13:MX_USART1_UART_Init	8	static
../Core/Src/main.c:474:13:MX_USART2_UART_Init	8	static
../Core/Src/main.c:507:13:MX_GPIO_Init	48	static
../Core/Src/main.c:553:6:Error_Handler	4	static,ignoring_inline_asm
